#------------------------------------------------------
#------------------------------------------------------
# Location : 0.,0.
# Position : (0.0,0.0)
# Source : SWAN table file
# Unit : Hsig
# Analyse time: null
# Timezone : null
#------------------------------------------------------
201001010000   2.2190
201001010100   2.3216
201001010200   2.4375
201001010300   2.5594
