#------------------------------------------------------
# Timeseries created manually
# Printed at Tue Dec 04 16:11:14 CET 2012
#------------------------------------------------------
# Location : location1
# Position : (-2.0,53.3)
# Source : observed
# Unit : pressure
# Analyse time: most recent
# Timezone : GMT
#------------------------------------------------------
200801010000   0.0000
200801010030   1.0000
200801010100   2.0000
200801010130   3.0000
200801010200   4.0000
