netcdf /home/verlaanm/deltares/src/openda_1_20100401/public/opendaTestRuns/core/org/openda/resultwriters/de_test_simple_tv_5.nc {
 dimensions:
   time = UNLIMITED;   // (1 currently)
   one = 1;
   all_x = 6;
 variables:
   int time(time=1);
   int ntime(one=1);
   double all(time=1, all_x=6);
 data:
time =
  {1}
ntime =
  {1}
all =
  {
    {1.0, 2.0, 3.0, 4.0, 5.0, 6.0}
  }
}
