netcdf /home/verlaanm/deltares/src/openda_1_20100401/public/opendaTestRuns/core/org/openda/resultwriters/de_test_ctavector_2.nc {
 dimensions:
   time = UNLIMITED;   // (1 currently)
   one = 1;
   ctavector_x = 3;
 variables:
   int time(time=1);
   int ntime(one=1);
   double ctavector(time=1, ctavector_x=3);
 data:
time =
  {1}
ntime =
  {1}
ctavector =
  {
    {1.0, 2.2, 3.0}
  }
}
