netcdf /Users/nils/Develop/openda/public/core/java/../../../public/opendaTestRuns/core/org/openda/resultwriters/ncp_test_ctatv_B_4.nc {
  dimensions:
    n = 6;
    time = UNLIMITED;   // (3 currently)
  variables:
    double ctatv_B_4(time=3, n=6);

 data:
ctatv_B_4 =
  {
    {1.0, 2.2, 3.0, 4.0, 5.2, 6.0},
    {1.0, 2.2, 3.0, 4.0, 5.2, 6.0},
    {1.0, 2.2, 3.0, 4.0, 5.2, 6.0}
  }
}
