#  Ruw.karak: start calibratie c95_3
#
#  datum laatste wijziging: 18 december 2003
#
#  basis ruwheden zomerbed uit rvwb 2001 (som 202) afgerond 3 decimalen
#  ruwheid ruigte 41 in ruw.karak op maximum gezet 0.5 (werd voorheen afgevangen met dit maximum)
#
#  de winterbedruwheid voor akkers ruigtes zijn afkomstig uit de Maascalibrati
#  de winterberuwheden voor productiegrasland komt uit rijn winbedcalibratie HKV  
#
#  ruw_code   1 - 400 = vaste k-Nikuradse waarde
#  ruw_code 401 - 700 = zomerbed formulering
#  ruw_code 701 - 950 = doorstroomde en overstroomde formulering (HKV)
#  ruw_code 951 - 999 = heggen formulering
#
#  Voor de PKB zijn de codes 201,202,203,204,205,206,210,250, 398
#  751,752,753,754 toegevoegd
#  756 gelijk gezet aan 212
#
#  Aanpassingen Andries Paarlberg HKV lijn in water
#  Morfologie studie IJssel
#  code 212 natuurlijk grasland toegevoegd (staat in PKB ruwkarak)
#  code 764 rietgras homogeen   toegevoegd (staat in PKB ruwkarak)
#  code 63  strooisel           toegevoegd (staat in PKB ruwkarak)
#  code 53  strang              toegevoegd (staat in PKB ruwkarak)
#  code 54  nevengeul           toegevoegd (staat in PKB ruwkarak)
#  code 55  plas/hvn/sl oever   toegevoegd (staat in PKB ruwkarak)
#  code 769 zachthoutstruweel   toegevoegd (staat in PKB ruwkarak)
#  code 776 zachthoutooibos     toegevoegd (staat in PKB ruwkarak)
#  code 51  diepe bedding       toegevoegd (staat in PKB ruwkarak)
#  code 759 droge ruigte        toegevoegd (staat in PKB ruwkarak)
#  code 763 natte ruigte hom.   toegevoegd (staat in PKB ruwkarak)
#  code 757 verruigd grasland   toegevoegd (staat in PKB ruwkarak)
#  code 58  steenbekleding      toegevoegd (staat in PKB ruwkarak)
#  code 762 rietruigte          toegevoegd (staat in PKB ruwkarak)
#  code 768 riet                toegevoegd (staat in PKB ruwkarak)
#  ---------
#
1   1
2   1
#
#  ---------
#
#nieuwe ruwheidscode voor de vaste laag bij St. Andries
1001 52 35.0
#410 is missing; using the same values as 411
410 101 0.08 2.5
#
#422 is missing; using the same values as 421 
422 101 0.0926 2.5
#
#452 is missing; using the same values as 447 
452 101 0.0171 2.5
#  207 dyn. ruigte is missing
207 51 1.0
#  208 stroomdalgrasland is missing
208 51 0.4
#  209 strangen is missing
209 51 0.15
#
#  default k-waarde
3 51 0.255
#  plassen
11 51 0.05
#  kribvak
16 51 0.2
#  glad grasland
21 51 100.0
#  normaal grasland
26 51 0.637
#  ruw grasland
31 51 1.274
#  open ruigte (winter)
36 51 1.911
#  dichte ruigte (winter)
41 51 0.5
# diepe bedding
51 51 0.15
#  strang
53 51 0.15
#  nevengeul
54 51 0.2
#  plas/haven/slikkige oever
55 51 0.05
#  steenbekleding
58 51 0.3
#  strooisel
63 51 0.25
#  dorp
101 51 5.0
#  plassen
201 51 0.05
#  natuurlijk grasland
202 51 0.4
#  landbouw
203 51 0.2
#  natte ruigte
204 51 0.6
#  droge ruigte
205 51 1.0
#  ?nevengeulen
206 51 0.15
#  glad grasland
210 51 0.295
#  natuurlijk grasland
212 51 0.4
#  pgras met maasheggen
221 51 0.255
#  ngras met maasheggen
226 51 0.637
#  akker met maasheggen
227 51 0.164
#  normaal grasland
250 51 0.637
#  akker
327 51 0.164
#  is code 0 in PKB meetregelen WL
398 51 0.255
#  bodem Ketelmeer
399 51 0.05
#
#  ---------
#
#  zomerbed default
401 101 0.1 2.5
#
# ---> bovenrijn / waal
#
#  emmerich - lobith
411 101 0.08 2.5
#  lobith - pankop
412 101 0.08 2.5
#  pankop - nijmhav
413 101 0.1 2.5
#  nijmhav - tielwaal
414 101 0.0651 2.5
#  tiel - zaltbommel
415 101 0.08 2.5
#  zaltbommel - vuren
416 101 0.0903 2.5
#  vuren - einde Waal
417 101 0.1623 2.5
#
# ---> pannerdens kanaal
#
#  pankop - ijsselkop
421 101 0.0926 2.5
#
# ---> nederrijn / lek
#
#  ijsselkop - driel bov
431 101 0.1005 2.5
#  driel bov - driel ben
432 101 0.42 2.5
#  driel ben - amerongen bov
433 101 0.1543 2.5
#  amerongen bov - amerongen ben
434 101 0.02 2.5
#  amerongen ben - culemborg
435 101 0.2063 2.5
#  culemborg - hagesteinbov
436 101 0.067 2.5
#  hagestein bov - hagestein ben
437 101 0.025 2.5
#  hagestein ben - schoonhoven
438 101 0.0963 2.5
#  schoonhoven - einde Lek
439 101 0.0365 2.5
#
# ---> ijssel
#
#  ijsselkop - doesburgbrug
#441   101  0.0701   2.5
#r1 441   101  0.0350   2.5
441 101 0.07 2.5
#  doesburgbrug - zutphennrd
#442   101  0.1038   2.5
#r1 442   101  0.0519   2.5
442 101 0.07 2.5
#  zutphennrd - deventer
#443   101  0.0437   2.5
#r1 443   101  0.0218   2.5
443 101 0.07 2.5
#  deventer - olst
#444   101  0.0437   2.5
#r1 444   101  0.0218   2.5
444 101 0.07 2.5
#  olst - katerveer
#445   101  0.0484   2.5
#r1 445   101  0.0242   2.5
445 101 0.07 2.5
#  katerveer - kampen
#446   101  0.0275   2.5
#r1 446   101  0.0137   2.5
446 101 0.07 2.5
#  kampen - einde IJssel
#447   101  0.0171   2.5
#r1 447   101  0.0085   2.5
447 101 0.07 2.5
#
#  ---------
#
#  open     bos
701 151 10.0 0.005
#  normaal  bos
706 151 10.0 0.025
#  dicht    bos
711 151 10.0 0.05
#  struwelen
716 151 4.0 0.1
#  open     ruigte    (zomer)
721 151 1.0 0.15
#  normale  ruigte
726 151 1.0 0.5
#  dichte   ruigte    (zomer)
731 151 2.0 2.5
#  riet
736 151 2.0 1.0
#  hardhout ooibos
751 151 10.0 0.03
#  zachthout ooibos
752 151 10.0 0.03
#  struwelen
753 151 6.0 0.13
#  rietgras
754 151 1.0 0.4
#  foute PKB code = 212 (natuurlijk grasland)
756 51 0.4
# verruigd grasland
757 151 0.2 15.0
# droge ruigte
759 151 0.56 0.23
# rietruigte
762 151 2.0 0.16
# natte ruigte homogeen
763 151 0.35 0.25
#  rietgras homogeen
764 151 0.3 1.2
#  riet
768 151 2.5 0.37
#  zachthoutstruweel
769 151 6.0 0.13
#  zachthoutooibos
776 151 10.0 0.028
#  bomenlaan(vlak)
901 151 10.0 0.01
#
#  ---------
#
#  heggen
951 201 2.0 3.0
#  houtwal
956 201 5.0 1.25
#
